../Src/STM32F4xx_StdPeriph_Driver/src/stm32f4xx_syscfg.c:86:6:SYSCFG_DeInit	8	static
../Src/STM32F4xx_StdPeriph_Driver/src/stm32f4xx_syscfg.c:102:6:SYSCFG_MemoryRemapConfig	16	static
../Src/STM32F4xx_StdPeriph_Driver/src/stm32f4xx_syscfg.c:119:6:SYSCFG_EXTILineConfig	24	static
../Src/STM32F4xx_StdPeriph_Driver/src/stm32f4xx_syscfg.c:140:6:SYSCFG_ETH_MediaInterfaceConfig	16	static
../Src/STM32F4xx_StdPeriph_Driver/src/stm32f4xx_syscfg.c:157:6:SYSCFG_CompensationCellCmd	16	static
../Src/STM32F4xx_StdPeriph_Driver/src/stm32f4xx_syscfg.c:170:12:SYSCFG_GetCompensationCellStatus	16	static
