Archive member included to satisfy reference by file (symbol)

c:/st/stm32cubeide_1.12.1/stm32cubeide/plugins/com.st.stm32cube.ide.mcu.externaltools.gnu-tools-for-stm32.10.3-2021.10.win32_1.0.200.202301161003/tools/bin/../lib/gcc/arm-none-eabi/10.3.1/../../../../arm-none-eabi/lib/thumb/v7e-m+fp/softfp\libc_nano.a(lib_a-exit.o)
                              c:/st/stm32cubeide_1.12.1/stm32cubeide/plugins/com.st.stm32cube.ide.mcu.externaltools.gnu-tools-for-stm32.10.3-2021.10.win32_1.0.200.202301161003/tools/bin/../lib/gcc/arm-none-eabi/10.3.1/../../../../arm-none-eabi/lib/thumb/v7e-m+fp/softfp/crt0.o (exit)
c:/st/stm32cubeide_1.12.1/stm32cubeide/plugins/com.st.stm32cube.ide.mcu.externaltools.gnu-tools-for-stm32.10.3-2021.10.win32_1.0.200.202301161003/tools/bin/../lib/gcc/arm-none-eabi/10.3.1/../../../../arm-none-eabi/lib/thumb/v7e-m+fp/softfp\libc_nano.a(lib_a-impure.o)
                              c:/st/stm32cubeide_1.12.1/stm32cubeide/plugins/com.st.stm32cube.ide.mcu.externaltools.gnu-tools-for-stm32.10.3-2021.10.win32_1.0.200.202301161003/tools/bin/../lib/gcc/arm-none-eabi/10.3.1/../../../../arm-none-eabi/lib/thumb/v7e-m+fp/softfp\libc_nano.a(lib_a-exit.o) (_global_impure_ptr)
c:/st/stm32cubeide_1.12.1/stm32cubeide/plugins/com.st.stm32cube.ide.mcu.externaltools.gnu-tools-for-stm32.10.3-2021.10.win32_1.0.200.202301161003/tools/bin/../lib/gcc/arm-none-eabi/10.3.1/../../../../arm-none-eabi/lib/thumb/v7e-m+fp/softfp\libc_nano.a(lib_a-init.o)
                              c:/st/stm32cubeide_1.12.1/stm32cubeide/plugins/com.st.stm32cube.ide.mcu.externaltools.gnu-tools-for-stm32.10.3-2021.10.win32_1.0.200.202301161003/tools/bin/../lib/gcc/arm-none-eabi/10.3.1/../../../../arm-none-eabi/lib/thumb/v7e-m+fp/softfp/crt0.o (__libc_init_array)
c:/st/stm32cubeide_1.12.1/stm32cubeide/plugins/com.st.stm32cube.ide.mcu.externaltools.gnu-tools-for-stm32.10.3-2021.10.win32_1.0.200.202301161003/tools/bin/../lib/gcc/arm-none-eabi/10.3.1/../../../../arm-none-eabi/lib/thumb/v7e-m+fp/softfp\libc_nano.a(lib_a-memcpy-stub.o)
                              ./Src/FreeRTOS/Source/queue.o (memcpy)
c:/st/stm32cubeide_1.12.1/stm32cubeide/plugins/com.st.stm32cube.ide.mcu.externaltools.gnu-tools-for-stm32.10.3-2021.10.win32_1.0.200.202301161003/tools/bin/../lib/gcc/arm-none-eabi/10.3.1/../../../../arm-none-eabi/lib/thumb/v7e-m+fp/softfp\libc_nano.a(lib_a-memset.o)
                              c:/st/stm32cubeide_1.12.1/stm32cubeide/plugins/com.st.stm32cube.ide.mcu.externaltools.gnu-tools-for-stm32.10.3-2021.10.win32_1.0.200.202301161003/tools/bin/../lib/gcc/arm-none-eabi/10.3.1/../../../../arm-none-eabi/lib/thumb/v7e-m+fp/softfp/crt0.o (memset)
c:/st/stm32cubeide_1.12.1/stm32cubeide/plugins/com.st.stm32cube.ide.mcu.externaltools.gnu-tools-for-stm32.10.3-2021.10.win32_1.0.200.202301161003/tools/bin/../lib/gcc/arm-none-eabi/10.3.1/../../../../arm-none-eabi/lib/thumb/v7e-m+fp/softfp\libnosys.a(_exit.o)
                              c:/st/stm32cubeide_1.12.1/stm32cubeide/plugins/com.st.stm32cube.ide.mcu.externaltools.gnu-tools-for-stm32.10.3-2021.10.win32_1.0.200.202301161003/tools/bin/../lib/gcc/arm-none-eabi/10.3.1/../../../../arm-none-eabi/lib/thumb/v7e-m+fp/softfp\libc_nano.a(lib_a-exit.o) (_exit)

Discarded input sections

 .text          0x0000000000000000        0x0 c:/st/stm32cubeide_1.12.1/stm32cubeide/plugins/com.st.stm32cube.ide.mcu.externaltools.gnu-tools-for-stm32.10.3-2021.10.win32_1.0.200.202301161003/tools/bin/../lib/gcc/arm-none-eabi/10.3.1/thumb/v7e-m+fp/softfp/crti.o
 .data          0x0000000000000000        0x0 c:/st/stm32cubeide_1.12.1/stm32cubeide/plugins/com.st.stm32cube.ide.mcu.externaltools.gnu-tools-for-stm32.10.3-2021.10.win32_1.0.200.202301161003/tools/bin/../lib/gcc/arm-none-eabi/10.3.1/thumb/v7e-m+fp/softfp/crti.o
 .bss           0x0000000000000000        0x0 c:/st/stm32cubeide_1.12.1/stm32cubeide/plugins/com.st.stm32cube.ide.mcu.externaltools.gnu-tools-for-stm32.10.3-2021.10.win32_1.0.200.202301161003/tools/bin/../lib/gcc/arm-none-eabi/10.3.1/thumb/v7e-m+fp/softfp/crti.o
 .data          0x0000000000000000        0x4 c:/st/stm32cubeide_1.12.1/stm32cubeide/plugins/com.st.stm32cube.ide.mcu.externaltools.gnu-tools-for-stm32.10.3-2021.10.win32_1.0.200.202301161003/tools/bin/../lib/gcc/arm-none-eabi/10.3.1/thumb/v7e-m+fp/softfp/crtbegin.o
 .rodata        0x0000000000000000       0x24 c:/st/stm32cubeide_1.12.1/stm32cubeide/plugins/com.st.stm32cube.ide.mcu.externaltools.gnu-tools-for-stm32.10.3-2021.10.win32_1.0.200.202301161003/tools/bin/../lib/gcc/arm-none-eabi/10.3.1/thumb/v7e-m+fp/softfp/crtbegin.o
 .text          0x0000000000000000       0x7c c:/st/stm32cubeide_1.12.1/stm32cubeide/plugins/com.st.stm32cube.ide.mcu.externaltools.gnu-tools-for-stm32.10.3-2021.10.win32_1.0.200.202301161003/tools/bin/../lib/gcc/arm-none-eabi/10.3.1/../../../../arm-none-eabi/lib/thumb/v7e-m+fp/softfp/crt0.o
[...]
Memory Configuration

Name             Origin             Length             Attributes
CCMRAM           0x0000000010000000 0x0000000000010000 xrw
RAM              0x0000000020000000 0x0000000000020000 xrw
FLASH            0x0000000008000000 0x0000000000100000 xr
*default*        0x0000000000000000 0xffffffffffffffff

Linker script and memory map

LOAD c:/st/stm32cubeide_1.12.1/stm32cubeide/plugins/com.st.stm32cube.ide.mcu.externaltools.gnu-tools-for-stm32.10.3-2021.10.win32_1.0.200.202301161003/tools/bin/../lib/gcc/arm-none-eabi/10.3.1/thumb/v7e-m+fp/softfp/crti.o
LOAD c:/st/stm32cubeide_1.12.1/stm32cubeide/plugins/com.st.stm32cube.ide.mcu.externaltools.gnu-tools-for-stm32.10.3-2021.10.win32_1.0.200.202301161003/tools/bin/../lib/gcc/arm-none-eabi/10.3.1/thumb/v7e-m+fp/softfp/crtbegin.o
LOAD c:/st/stm32cubeide_1.12.1/stm32cubeide/plugins/com.st.stm32cube.ide.mcu.externaltools.gnu-tools-for-stm32.10.3-2021.10.win32_1.0.200.202301161003/tools/bin/../lib/gcc/arm-none-eabi/10.3.1/../../../../arm-none-eabi/lib/thumb/v7e-m+fp/softfp/crt0.o
LOAD ./Src/FreeRTOS/Source/croutine.o
LOAD ./Src/FreeRTOS/Source/event_groups.o
LOAD ./Src/FreeRTOS/Source/list.o
LOAD ./Src/FreeRTOS/Source/queue.o
LOAD ./Src/FreeRTOS/Source/tasks.o
LOAD ./Src/FreeRTOS/Source/timers.o
LOAD ./Src/FreeRTOS/Source/portable/GCC/ARM_CM4F/port.o
LOAD ./Src/FreeRTOS/Source/portable/MemMang/heap_1.o
LOAD ./Src/STM32F4xx_StdPeriph_Driver/src/misc.o
LOAD ./Src/STM32F4xx_StdPeriph_Driver/src/stm32f4xx_adc.o
LOAD ./Src/STM32F4xx_StdPeriph_Driver/src/stm32f4xx_can.o
LOAD ./Src/STM32F4xx_StdPeriph_Driver/src/stm32f4xx_crc.o
LOAD ./Src/STM32F4xx_StdPeriph_Driver/src/stm32f4xx_cryp.o
LOAD ./Src/STM32F4xx_StdPeriph_Driver/src/stm32f4xx_cryp_aes.o
LOAD ./Src/STM32F4xx_StdPeriph_Driver/src/stm32f4xx_cryp_des.o
LOAD ./Src/STM32F4xx_StdPeriph_Driver/src/stm32f4xx_cryp_tdes.o
LOAD ./Src/STM32F4xx_StdPeriph_Driver/src/stm32f4xx_dac.o
LOAD ./Src/STM32F4xx_StdPeriph_Driver/src/stm32f4xx_dbgmcu.o
LOAD ./Src/STM32F4xx_StdPeriph_Driver/src/stm32f4xx_dcmi.o
LOAD ./Src/STM32F4xx_StdPeriph_Driver/src/stm32f4xx_dma.o
LOAD ./Src/STM32F4xx_StdPeriph_Driver/src/stm32f4xx_exti.o
LOAD ./Src/STM32F4xx_StdPeriph_Driver/src/stm32f4xx_flash.o
LOAD ./Src/STM32F4xx_StdPeriph_Driver/src/stm32f4xx_fsmc.o
LOAD ./Src/STM32F4xx_StdPeriph_Driver/src/stm32f4xx_gpio.o
LOAD ./Src/STM32F4xx_StdPeriph_Driver/src/stm32f4xx_hash.o
LOAD ./Src/STM32F4xx_StdPeriph_Driver/src/stm32f4xx_hash_md5.o
LOAD ./Src/STM32F4xx_StdPeriph_Driver/src/stm32f4xx_hash_sha1.o
LOAD ./Src/STM32F4xx_StdPeriph_Driver/src/stm32f4xx_i2c.o
LOAD ./Src/STM32F4xx_StdPeriph_Driver/src/stm32f4xx_iwdg.o
LOAD ./Src/STM32F4xx_StdPeriph_Driver/src/stm32f4xx_pwr.o
LOAD ./Src/STM32F4xx_StdPeriph_Driver/src/stm32f4xx_rcc.o
LOAD ./Src/STM32F4xx_StdPeriph_Driver/src/stm32f4xx_rng.o
LOAD ./Src/STM32F4xx_StdPeriph_Driver/src/stm32f4xx_rtc.o
LOAD ./Src/STM32F4xx_StdPeriph_Driver/src/stm32f4xx_sdio.o
LOAD ./Src/STM32F4xx_StdPeriph_Driver/src/stm32f4xx_spi.o
LOAD ./Src/STM32F4xx_StdPeriph_Driver/src/stm32f4xx_syscfg.o
LOAD ./Src/STM32F4xx_StdPeriph_Driver/src/stm32f4xx_tim.o
LOAD ./Src/STM32F4xx_StdPeriph_Driver/src/stm32f4xx_usart.o
LOAD ./Src/STM32F4xx_StdPeriph_Driver/src/stm32f4xx_wwdg.o
LOAD ./Src/main.o
LOAD ./Src/stm32f4_discovery.o
LOAD ./Src/stm32f4xx_it.o
LOAD ./Src/system_stm32f4xx.o
LOAD ./Startup/startup_stm32f4xx.o
START GROUP
LOAD c:/st/stm32cubeide_1.12.1/stm32cubeide/plugins/com.st.stm32cube.ide.mcu.externaltools.gnu-tools-for-stm32.10.3-2021.10.win32_1.0.200.202301161003/tools/bin/../lib/gcc/arm-none-eabi/10.3.1/../../../../arm-none-eabi/lib/thumb/v7e-m+fp/softfp\libc_nano.a
LOAD c:/st/stm32cubeide_1.12.1/stm32cubeide/plugins/com.st.stm32cube.ide.mcu.externaltools.gnu-tools-for-stm32.10.3-2021.10.win32_1.0.200.202301161003/tools/bin/../lib/gcc/arm-none-eabi/10.3.1/../../../../arm-none-eabi/lib/thumb/v7e-m+fp/softfp\libm.a
END GROUP
START GROUP
LOAD c:/st/stm32cubeide_1.12.1/stm32cubeide/plugins/com.st.stm32cube.ide.mcu.externaltools.gnu-tools-for-stm32.10.3-2021.10.win32_1.0.200.202301161003/tools/bin/../lib/gcc/arm-none-eabi/10.3.1/thumb/v7e-m+fp/softfp\libgcc.a
LOAD c:/st/stm32cubeide_1.12.1/stm32cubeide/plugins/com.st.stm32cube.ide.mcu.externaltools.gnu-tools-for-stm32.10.3-2021.10.win32_1.0.200.202301161003/tools/bin/../lib/gcc/arm-none-eabi/10.3.1/../../../../arm-none-eabi/lib/thumb/v7e-m+fp/softfp\libc_nano.a
END GROUP
START GROUP
LOAD c:/st/stm32cubeide_1.12.1/stm32cubeide/plugins/com.st.stm32cube.ide.mcu.externaltools.gnu-tools-for-stm32.10.3-2021.10.win32_1.0.200.202301161003/tools/bin/../lib/gcc/arm-none-eabi/10.3.1/thumb/v7e-m+fp/softfp\libgcc.a
LOAD c:/st/stm32cubeide_1.12.1/stm32cubeide/plugins/com.st.stm32cube.ide.mcu.externaltools.gnu-tools-for-stm32.10.3-2021.10.win32_1.0.200.202301161003/tools/bin/../lib/gcc/arm-none-eabi/10.3.1/../../../../arm-none-eabi/lib/thumb/v7e-m+fp/softfp\libc_nano.a
LOAD c:/st/stm32cubeide_1.12.1/stm32cubeide/plugins/com.st.stm32cube.ide.mcu.externaltools.gnu-tools-for-stm32.10.3-2021.10.win32_1.0.200.202301161003/tools/bin/../lib/gcc/arm-none-eabi/10.3.1/../../../../arm-none-eabi/lib/thumb/v7e-m+fp/softfp\libnosys.a
END GROUP
START GROUP
LOAD c:/st/stm32cubeide_1.12.1/stm32cubeide/plugins/com.st.stm32cube.ide.mcu.externaltools.gnu-tools-for-stm32.10.3-2021.10.win32_1.0.200.202301161003/tools/bin/../lib/gcc/arm-none-eabi/10.3.1/thumb/v7e-m+fp/softfp\libgcc.a
LOAD c:/st/stm32cubeide_1.12.1/stm32cubeide/plugins/com.st.stm32cube.ide.mcu.externaltools.gnu-tools-for-stm32.10.3-2021.10.win32_1.0.200.202301161003/tools/bin/../lib/gcc/arm-none-eabi/10.3.1/../../../../arm-none-eabi/lib/thumb/v7e-m+fp/softfp\libc_nano.a
LOAD c:/st/stm32cubeide_1.12.1/stm32cubeide/plugins/com.st.stm32cube.ide.mcu.externaltools.gnu-tools-for-stm32.10.3-2021.10.win32_1.0.200.202301161003/tools/bin/../lib/gcc/arm-none-eabi/10.3.1/../../../../arm-none-eabi/lib/thumb/v7e-m+fp/softfp\libnosys.a
END GROUP
LOAD c:/st/stm32cubeide_1.12.1/stm32cubeide/plugins/com.st.stm32cube.ide.mcu.externaltools.gnu-tools-for-stm32.10.3-2021.10.win32_1.0.200.202301161003/tools/bin/../lib/gcc/arm-none-eabi/10.3.1/thumb/v7e-m+fp/softfp/crtend.o
LOAD c:/st/stm32cubeide_1.12.1/stm32cubeide/plugins/com.st.stm32cube.ide.mcu.externaltools.gnu-tools-for-stm32.10.3-2021.10.win32_1.0.200.202301161003/tools/bin/../lib/gcc/arm-none-eabi/10.3.1/thumb/v7e-m+fp/softfp/crtn.o
                0x0000000020020000                _estack = (ORIGIN (RAM) + LENGTH (RAM))
                0x0000000000000200                _Min_Heap_Size = 0x200
                0x0000000000000400                _Min_Stack_Size = 0x400

.isr_vector     0x0000000008000000      0x188
                0x0000000008000000                . = ALIGN (0x4)
 *(.isr_vector)
 .isr_vector    0x0000000008000000      0x188 ./Startup/startup_stm32f4xx.o
                0x0000000008000000                g_pfnVectors
                0x0000000008000188                . = ALIGN (0x4)

.text           0x0000000008000188     0x265c
                0x0000000008000188                . = ALIGN (0x4)
 *(.text)
 .text          0x0000000008000188       0x40 c:/st/stm32cubeide_1.12.1/stm32cubeide/plugins/com.st.stm32cube.ide.mcu.externaltools.gnu-tools-for-stm32.10.3-2021.10.win32_1.0.200.202301161003/tools/bin/../lib/gcc/arm-none-eabi/10.3.1/thumb/v7e-m+fp/softfp/crtbegin.o
 *(.text*)
 .text.vListInitialise
                0x00000000080001c8       0x40 ./Src/FreeRTOS/Source/list.o
                0x00000000080001c8                vListInitialise
 .text.vListInitialiseItem
                0x0000000008000208       0x1a ./Src/FreeRTOS/Source/list.o
                0x0000000008000208                vListInitialiseItem
 .text.vListInsertEnd
                0x0000000008000222       0x48 ./Src/FreeRTOS/Source/list.o
                0x0000000008000222                vListInsertEnd
 .text.vListInsert
                0x000000000800026a       0x72 ./Src/FreeRTOS/Source/list.o
                0x000000000800026a                vListInsert
 .text.uxListRemove
                0x00000000080002dc       0x54 ./Src/FreeRTOS/Source/list.o
                0x00000000080002dc                uxListRemove
 .text.xQueueGenericReset
                0x0000000008000330       0xb0 ./Src/FreeRTOS/Source/queue.o
                0x0000000008000330                xQueueGenericReset
 .text.xQueueGenericCreate
                0x00000000080003e0       0x84 ./Src/FreeRTOS/Source/queue.o
                0x00000000080003e0                xQueueGenericCreate
 .text.xQueueGenericSend
                0x0000000008000464      0x186 ./Src/FreeRTOS/Source/queue.o
                0x0000000008000464                xQueueGenericSend
 .text.xQueueGenericSendFromISR
                0x00000000080005ea       0xe6 ./Src/FreeRTOS/Source/queue.o
                0x00000000080005ea                xQueueGenericSendFromISR
 .text.xQueueGenericReceive
                0x00000000080006d0      0x1b6 ./Src/FreeRTOS/Source/queue.o
                0x00000000080006d0                xQueueGenericReceive
 .text.prvCopyDataToQueue
                0x0000000008000886       0xda ./Src/FreeRTOS/Source/queue.o
 .text.prvCopyDataFromQueue
                0x0000000008000960       0x52 ./Src/FreeRTOS/Source/queue.o
 .text.prvUnlockQueue
                0x00000000080009b2       0x98 ./Src/FreeRTOS/Source/queue.o
 .text.prvIsQueueEmpty
                0x0000000008000a4a       0x2c ./Src/FreeRTOS/Source/queue.o
 .text.prvIsQueueFull
                0x0000000008000a76       0x30 ./Src/FreeRTOS/Source/queue.o
 *fill*         0x0000000008000aa6        0x2 
 .text.vQueueAddToRegistry
                0x0000000008000aa8       0x54 ./Src/FreeRTOS/Source/queue.o
                0x0000000008000aa8                vQueueAddToRegistry
 .text.vQueueWaitForMessageRestricted
                0x0000000008000afc       0x58 ./Src/FreeRTOS/Source/queue.o
                0x0000000008000afc                vQueueWaitForMessageRestricted
 .text.xTaskGenericCreate
                0x0000000008000b54      0x168 ./Src/FreeRTOS/Source/tasks.o
                0x0000000008000b54                xTaskGenericCreate
 .text.vTaskDelay
                0x0000000008000cbc       0x64 ./Src/FreeRTOS/Source/tasks.o
                0x0000000008000cbc                vTaskDelay
 .text.vTaskStartScheduler
                0x0000000008000d20       0x70 ./Src/FreeRTOS/Source/tasks.o
                0x0000000008000d20                vTaskStartScheduler
 .text.vTaskSuspendAll
                0x0000000008000d90       0x1c ./Src/FreeRTOS/Source/tasks.o
                0x0000000008000d90                vTaskSuspendAll
 .text.xTaskResumeAll
                0x0000000008000dac      0x10c ./Src/FreeRTOS/Source/tasks.o
                0x0000000008000dac                xTaskResumeAll
 .text.xTaskGetTickCount
                0x0000000008000eb8       0x24 ./Src/FreeRTOS/Source/tasks.o
                0x0000000008000eb8                xTaskGetTickCount
 .text.xTaskIncrementTick
                0x0000000008000edc      0x170 ./Src/FreeRTOS/Source/tasks.o
                0x0000000008000edc                xTaskIncrementTick
 .text.vTaskSwitchContext
                0x000000000800104c       0xa4 ./Src/FreeRTOS/Source/tasks.o
                0x000000000800104c                vTaskSwitchContext
 .text.vTaskPlaceOnEventList
                0x00000000080010f0       0x6c ./Src/FreeRTOS/Source/tasks.o
                0x00000000080010f0                vTaskPlaceOnEventList
 .text.vTaskPlaceOnEventListRestricted
                0x000000000800115c       0x50 ./Src/FreeRTOS/Source/tasks.o
                0x000000000800115c                vTaskPlaceOnEventListRestricted
 .text.xTaskRemoveFromEventList
                0x00000000080011ac       0xb8 ./Src/FreeRTOS/Source/tasks.o
                0x00000000080011ac                xTaskRemoveFromEventList
 .text.vTaskSetTimeOutState
                0x0000000008001264       0x34 ./Src/FreeRTOS/Source/tasks.o
                0x0000000008001264                vTaskSetTimeOutState
 .text.xTaskCheckForTimeOut
                0x0000000008001298       0xa0 ./Src/FreeRTOS/Source/tasks.o
                0x0000000008001298                xTaskCheckForTimeOut
 .text.vTaskMissedYield
                0x0000000008001338       0x18 ./Src/FreeRTOS/Source/tasks.o
                0x0000000008001338                vTaskMissedYield
 .text.prvIdleTask
                0x0000000008001350       0x20 ./Src/FreeRTOS/Source/tasks.o
 .text.prvInitialiseTCBVariables
                0x0000000008001370       0x9a ./Src/FreeRTOS/Source/tasks.o
 *fill*         0x000000000800140a        0x2 
 .text.prvInitialiseTaskLists
                0x000000000800140c       0x80 ./Src/FreeRTOS/Source/tasks.o
 .text.prvCheckTasksWaitingTermination
                0x000000000800148c       0x78 ./Src/FreeRTOS/Source/tasks.o
 .text.prvAddCurrentTaskToDelayedList
                0x0000000008001504       0x6c ./Src/FreeRTOS/Source/tasks.o
 .text.prvAllocateTCBAndStack
                0x0000000008001570       0x62 ./Src/FreeRTOS/Source/tasks.o
 .text.prvDeleteTCB
                0x00000000080015d2       0x20 ./Src/FreeRTOS/Source/tasks.o
 *fill*         0x00000000080015f2        0x2 
 .text.prvResetNextTaskUnblockTime
                0x00000000080015f4       0x4c ./Src/FreeRTOS/Source/tasks.o
 .text.xTaskGetCurrentTaskHandle
                0x0000000008001640       0x20 ./Src/FreeRTOS/Source/tasks.o
                0x0000000008001640                xTaskGetCurrentTaskHandle
 .text.xTaskGetSchedulerState
                0x0000000008001660       0x3c ./Src/FreeRTOS/Source/tasks.o
                0x0000000008001660                xTaskGetSchedulerState
 .text.vTaskPriorityInherit
                0x000000000800169c       0xbc ./Src/FreeRTOS/Source/tasks.o
                0x000000000800169c                vTaskPriorityInherit
 .text.xTaskPriorityDisinherit
                0x0000000008001758       0x90 ./Src/FreeRTOS/Source/tasks.o
                0x0000000008001758                xTaskPriorityDisinherit
 .text.vTaskIncrementMutexHeldCount
                0x00000000080017e8       0x24 ./Src/FreeRTOS/Source/tasks.o
                0x00000000080017e8                vTaskIncrementMutexHeldCount
 .text.vTaskDecrementMutexHeldCount
                0x000000000800180c       0x30 ./Src/FreeRTOS/Source/tasks.o
                0x000000000800180c                vTaskDecrementMutexHeldCount
 .text.xTimerCreateTimerTask
                0x000000000800183c       0x58 ./Src/FreeRTOS/Source/timers.o
                0x000000000800183c                xTimerCreateTimerTask
 .text.xTimerGenericCommand
                0x0000000008001894       0x80 ./Src/FreeRTOS/Source/timers.o
                0x0000000008001894                xTimerGenericCommand
 .text.prvProcessExpiredTimer
                0x0000000008001914       0x70 ./Src/FreeRTOS/Source/timers.o
 .text.prvTimerTask
                0x0000000008001984       0x24 ./Src/FreeRTOS/Source/timers.o
 .text.prvProcessTimerOrBlockTask
                0x00000000080019a8       0x6c ./Src/FreeRTOS/Source/timers.o
 .text.prvGetNextExpireTime
                0x0000000008001a14       0x48 ./Src/FreeRTOS/Source/timers.o
 .text.prvSampleTimeNow
                0x0000000008001a5c       0x40 ./Src/FreeRTOS/Source/timers.o
 .text.prvInsertTimerInActiveList
                0x0000000008001a9c       0x84 ./Src/FreeRTOS/Source/timers.o
 .text.prvProcessReceivedCommands
                0x0000000008001b20      0x108 ./Src/FreeRTOS/Source/timers.o
 .text.prvSwitchTimerLists
                0x0000000008001c28       0xb4 ./Src/FreeRTOS/Source/timers.o
 .text.prvCheckForValidListAndQueue
                0x0000000008001cdc       0x7c ./Src/FreeRTOS/Source/timers.o
 .text.pxPortInitialiseStack
                0x0000000008001d58       0x64 ./Src/FreeRTOS/Source/portable/GCC/ARM_CM4F/port.o
                0x0000000008001d58                pxPortInitialiseStack
 .text.prvTaskExitError
                0x0000000008001dbc       0x20 ./Src/FreeRTOS/Source/portable/GCC/ARM_CM4F/port.o
 .text.SVC_Handler
                0x0000000008001ddc       0x24 ./Src/FreeRTOS/Source/portable/GCC/ARM_CM4F/port.o
                0x0000000008001ddc                SVC_Handler
 .text.prvPortStartFirstTask
                0x0000000008001e00       0x20 ./Src/FreeRTOS/Source/portable/GCC/ARM_CM4F/port.o
 .text.xPortStartScheduler
                0x0000000008001e20       0xcc ./Src/FreeRTOS/Source/portable/GCC/ARM_CM4F/port.o
                0x0000000008001e20                xPortStartScheduler
 .text.vPortYield
                0x0000000008001eec       0x24 ./Src/FreeRTOS/Source/portable/GCC/ARM_CM4F/port.o
                0x0000000008001eec                vPortYield
 .text.vPortEnterCritical
                0x0000000008001f10       0x40 ./Src/FreeRTOS/Source/portable/GCC/ARM_CM4F/port.o
                0x0000000008001f10                vPortEnterCritical
 .text.vPortExitCritical
                0x0000000008001f50       0x34 ./Src/FreeRTOS/Source/portable/GCC/ARM_CM4F/port.o
                0x0000000008001f50                vPortExitCritical
 .text.ulPortSetInterruptMask
                0x0000000008001f84       0x12 ./Src/FreeRTOS/Source/portable/GCC/ARM_CM4F/port.o
                0x0000000008001f84                ulPortSetInterruptMask
 .text.vPortClearInterruptMask
                0x0000000008001f96        0x8 ./Src/FreeRTOS/Source/portable/GCC/ARM_CM4F/port.o
                0x0000000008001f96                vPortClearInterruptMask
 *fill*         0x0000000008001f9e        0x2 
 .text.PendSV_Handler
                0x0000000008001fa0       0x5c ./Src/FreeRTOS/Source/portable/GCC/ARM_CM4F/port.o
                0x0000000008001fa0                PendSV_Handler
 .text.SysTick_Handler
                0x0000000008001ffc       0x28 ./Src/FreeRTOS/Source/portable/GCC/ARM_CM4F/port.o
                0x0000000008001ffc                SysTick_Handler
 .text.vPortSetupTimerInterrupt
                0x0000000008002024       0x38 ./Src/FreeRTOS/Source/portable/GCC/ARM_CM4F/port.o
                0x0000000008002024                vPortSetupTimerInterrupt
 .text.vPortValidateInterruptPriority
                0x000000000800205c       0x5c ./Src/FreeRTOS/Source/portable/GCC/ARM_CM4F/port.o
                0x000000000800205c                vPortValidateInterruptPriority
 .text.pvPortMalloc
                0x00000000080020b8       0x8c ./Src/FreeRTOS/Source/portable/MemMang/heap_1.o
                0x00000000080020b8                pvPortMalloc
 .text.vPortFree
                0x0000000008002144       0x1c ./Src/FreeRTOS/Source/portable/MemMang/heap_1.o
                0x0000000008002144                vPortFree
 .text.GPIO_Init
                0x0000000008002160      0x11e ./Src/STM32F4xx_StdPeriph_Driver/src/stm32f4xx_gpio.o
                0x0000000008002160                GPIO_Init
 .text.GPIO_ReadInputDataBit
                0x000000000800227e       0x34 ./Src/STM32F4xx_StdPeriph_Driver/src/stm32f4xx_gpio.o
                0x000000000800227e                GPIO_ReadInputDataBit
 .text.GPIO_ToggleBits
                0x00000000080022b2       0x24 ./Src/STM32F4xx_StdPeriph_Driver/src/stm32f4xx_gpio.o
                0x00000000080022b2                GPIO_ToggleBits
 *fill*         0x00000000080022d6        0x2 
 .text.RCC_AHB1PeriphClockCmd
                0x00000000080022d8       0x40 ./Src/STM32F4xx_StdPeriph_Driver/src/stm32f4xx_rcc.o
                0x00000000080022d8                RCC_AHB1PeriphClockCmd
 .text.RCC_APB2PeriphClockCmd
                0x0000000008002318       0x40 ./Src/STM32F4xx_StdPeriph_Driver/src/stm32f4xx_rcc.o
                0x0000000008002318                RCC_APB2PeriphClockCmd
 .text.main     0x0000000008002358      0x110 ./Src/main.o
                0x0000000008002358                main
 .text.despertadorInteligente
                0x0000000008002468       0x20 ./Src/main.o
                0x0000000008002468                despertadorInteligente
 .text.controleDoArCondicionado
                0x0000000008002488       0x20 ./Src/main.o
                0x0000000008002488                controleDoArCondicionado
 .text.modoSilencioso
                0x00000000080024a8       0x20 ./Src/main.o
                0x00000000080024a8                modoSilencioso
 .text.controleDeTemperatura
                0x00000000080024c8       0x20 ./Src/main.o
                0x00000000080024c8                controleDeTemperatura
 .text.ajusteIluminacao
                0x00000000080024e8       0x20 ./Src/main.o
                0x00000000080024e8                ajusteIluminacao
 .text.cortinasAutomaticas
                0x0000000008002508       0x20 ./Src/main.o
                0x0000000008002508                cortinasAutomaticas
 .text.preparacaoCafe
                0x0000000008002528       0x30 ./Src/main.o
                0x0000000008002528                preparacaoCafe
 .text.initGPIO
                0x0000000008002558       0x3c ./Src/main.o
                0x0000000008002558                initGPIO
 .text.initBUTTON
                0x0000000008002594       0x3c ./Src/main.o
                0x0000000008002594                initBUTTON
 .text.NMI_Handler
                0x00000000080025d0        0xe ./Src/stm32f4xx_it.o
                0x00000000080025d0                NMI_Handler
 .text.HardFault_Handler
                0x00000000080025de        0x6 ./Src/stm32f4xx_it.o
                0x00000000080025de                HardFault_Handler
 .text.MemManage_Handler
                0x00000000080025e4        0x6 ./Src/stm32f4xx_it.o
                0x00000000080025e4                MemManage_Handler
 .text.BusFault_Handler
                0x00000000080025ea        0x6 ./Src/stm32f4xx_it.o
                0x00000000080025ea                BusFault_Handler
 .text.UsageFault_Handler
                0x00000000080025f0        0x6 ./Src/stm32f4xx_it.o
                0x00000000080025f0                UsageFault_Handler
 .text.DebugMon_Handler
                0x00000000080025f6        0xe ./Src/stm32f4xx_it.o
                0x00000000080025f6                DebugMon_Handler
 .text.SystemInit
                0x0000000008002604       0x5c ./Src/system_stm32f4xx.o
                0x0000000008002604                SystemInit
 .text.SetSysClock
                0x0000000008002660       0xf8 ./Src/system_stm32f4xx.o
 .text.Reset_Handler
                0x0000000008002758       0x44 ./Startup/startup_stm32f4xx.o
                0x0000000008002758                Reset_Handler
 .text.Default_Handler
                0x000000000800279c        0x2 ./Startup/startup_stm32f4xx.o
                0x000000000800279c                RTC_Alarm_IRQHandler
                0x000000000800279c                HASH_RNG_IRQHandler
                0x000000000800279c                EXTI2_IRQHandler
                0x000000000800279c                TIM8_CC_IRQHandler
                0x000000000800279c                TIM1_CC_IRQHandler
                0x000000000800279c                DMA2_Stream5_IRQHandler
                0x000000000800279c                DMA1_Stream5_IRQHandler
                0x000000000800279c                PVD_IRQHandler
                0x000000000800279c                SDIO_IRQHandler
                0x000000000800279c                TAMP_STAMP_IRQHandler
                0x000000000800279c                CAN2_RX1_IRQHandler
                0x000000000800279c                EXTI3_IRQHandler
                0x000000000800279c                TIM8_TRG_COM_TIM14_IRQHandler
                0x000000000800279c                TIM1_UP_TIM10_IRQHandler
                0x000000000800279c                TIM8_UP_TIM13_IRQHandler
                0x000000000800279c                I2C3_ER_IRQHandler
                0x000000000800279c                EXTI0_IRQHandler
                0x000000000800279c                I2C2_EV_IRQHandler
                0x000000000800279c                DMA1_Stream2_IRQHandler
                0x000000000800279c                CAN1_RX0_IRQHandler
                0x000000000800279c                FPU_IRQHandler
                0x000000000800279c                OTG_HS_WKUP_IRQHandler
                0x000000000800279c                CAN2_SCE_IRQHandler
                0x000000000800279c                DMA2_Stream2_IRQHandler
                0x000000000800279c                SPI1_IRQHandler
                0x000000000800279c                TIM6_DAC_IRQHandler
                0x000000000800279c                TIM1_BRK_TIM9_IRQHandler
                0x000000000800279c                DCMI_IRQHandler
                0x000000000800279c                CAN2_RX0_IRQHandler
                0x000000000800279c                DMA2_Stream3_IRQHandler
                0x000000000800279c                USART6_IRQHandler
                0x000000000800279c                USART3_IRQHandler
                0x000000000800279c                CRYP_IRQHandler
                0x000000000800279c                CAN1_RX1_IRQHandler
                0x000000000800279c                UART5_IRQHandler
                0x000000000800279c                DMA2_Stream0_IRQHandler
                0x000000000800279c                TIM4_IRQHandler
                0x000000000800279c                I2C1_EV_IRQHandler
                0x000000000800279c                DMA1_Stream6_IRQHandler
                0x000000000800279c                DMA1_Stream1_IRQHandler
                0x000000000800279c                UART4_IRQHandler
                0x000000000800279c                TIM3_IRQHandler
                0x000000000800279c                RCC_IRQHandler
                0x000000000800279c                TIM8_BRK_TIM12_IRQHandler
                0x000000000800279c                Default_Handler
                0x000000000800279c                EXTI15_10_IRQHandler
                0x000000000800279c                ADC_IRQHandler
                0x000000000800279c                DMA1_Stream7_IRQHandler
                0x000000000800279c                TIM7_IRQHandler
                0x000000000800279c                CAN2_TX_IRQHandler
                0x000000000800279c                TIM5_IRQHandler
                0x000000000800279c                DMA2_Stream7_IRQHandler
                0x000000000800279c                I2C3_EV_IRQHandler
                0x000000000800279c                EXTI9_5_IRQHandler
                0x000000000800279c                RTC_WKUP_IRQHandler
                0x000000000800279c                ETH_WKUP_IRQHandler
                0x000000000800279c                SPI2_IRQHandler
                0x000000000800279c                OTG_HS_EP1_IN_IRQHandler
                0x000000000800279c                DMA1_Stream0_IRQHandler
                0x000000000800279c                CAN1_TX_IRQHandler
                0x000000000800279c                EXTI4_IRQHandler
                0x000000000800279c                FSMC_IRQHandler
                0x000000000800279c                ETH_IRQHandler
                0x000000000800279c                OTG_HS_EP1_OUT_IRQHandler
                0x000000000800279c                WWDG_IRQHandler
                0x000000000800279c                TIM2_IRQHandler
                0x000000000800279c                OTG_FS_WKUP_IRQHandler
                0x000000000800279c                TIM1_TRG_COM_TIM11_IRQHandler
                0x000000000800279c                OTG_HS_IRQHandler
                0x000000000800279c                EXTI1_IRQHandler
                0x000000000800279c                USART2_IRQHandler
                0x000000000800279c                I2C2_ER_IRQHandler
                0x000000000800279c                DMA2_Stream1_IRQHandler
                0x000000000800279c                CAN1_SCE_IRQHandler
                0x000000000800279c                FLASH_IRQHandler
                0x000000000800279c                DMA2_Stream4_IRQHandler
                0x000000000800279c                USART1_IRQHandler
                0x000000000800279c                OTG_FS_IRQHandler
                0x000000000800279c                SPI3_IRQHandler
                0x000000000800279c                DMA1_Stream4_IRQHandler
                0x000000000800279c                I2C1_ER_IRQHandler
                0x000000000800279c                DMA2_Stream6_IRQHandler
                0x000000000800279c                DMA1_Stream3_IRQHandler
 .text.memcpy   0x000000000800279e       0x1c c:/st/stm32cubeide_1.12.1/stm32cubeide/plugins/com.st.stm32cube.ide.mcu.externaltools.gnu-tools-for-stm32.10.3-2021.10.win32_1.0.200.202301161003/tools/bin/../lib/gcc/arm-none-eabi/10.3.1/../../../../arm-none-eabi/lib/thumb/v7e-m+fp/softfp\libc_nano.a(lib_a-memcpy-stub.o)
                0x000000000800279e                memcpy
 .text.memset   0x00000000080027ba       0x10 c:/st/stm32cubeide_1.12.1/stm32cubeide/plugins/com.st.stm32cube.ide.mcu.externaltools.gnu-tools-for-stm32.10.3-2021.10.win32_1.0.200.202301161003/tools/bin/../lib/gcc/arm-none-eabi/10.3.1/../../../../arm-none-eabi/lib/thumb/v7e-m+fp/softfp\libc_nano.a(lib_a-memset.o)
                0x00000000080027ba                memset
 *(.glue_7)
 .glue_7        0x00000000080027ca        0x0 linker stubs
 *(.glue_7t)
 .glue_7t       0x00000000080027ca        0x0 linker stubs
 *(.eh_frame)
 *fill*         0x00000000080027ca        0x2 
 .eh_frame      0x00000000080027cc        0x0 c:/st/stm32cubeide_1.12.1/stm32cubeide/plugins/com.st.stm32cube.ide.mcu.externaltools.gnu-tools-for-stm32.10.3-2021.10.win32_1.0.200.202301161003/tools/bin/../lib/gcc/arm-none-eabi/10.3.1/thumb/v7e-m+fp/softfp/crtbegin.o
 *(.init)
 .init          0x00000000080027cc        0x4 c:/st/stm32cubeide_1.12.1/stm32cubeide/plugins/com.st.stm32cube.ide.mcu.externaltools.gnu-tools-for-stm32.10.3-2021.10.win32_1.0.200.202301161003/tools/bin/../lib/gcc/arm-none-eabi/10.3.1/thumb/v7e-m+fp/softfp/crti.o
                0x00000000080027cc                _init
 .init          0x00000000080027d0        0x8 c:/st/stm32cubeide_1.12.1/stm32cubeide/plugins/com.st.stm32cube.ide.mcu.externaltools.gnu-tools-for-stm32.10.3-2021.10.win32_1.0.200.202301161003/tools/bin/../lib/gcc/arm-none-eabi/10.3.1/thumb/v7e-m+fp/softfp/crtn.o
 *(.fini)
 .fini          0x00000000080027d8        0x4 c:/st/stm32cubeide_1.12.1/stm32cubeide/plugins/com.st.stm32cube.ide.mcu.externaltools.gnu-tools-for-stm32.10.3-2021.10.win32_1.0.200.202301161003/tools/bin/../lib/gcc/arm-none-eabi/10.3.1/thumb/v7e-m+fp/softfp/crti.o
                0x00000000080027d8                _fini
 .fini          0x00000000080027dc        0x8 c:/st/stm32cubeide_1.12.1/stm32cubeide/plugins/com.st.stm32cube.ide.mcu.externaltools.gnu-tools-for-stm32.10.3-2021.10.win32_1.0.200.202301161003/tools/bin/../lib/gcc/arm-none-eabi/10.3.1/thumb/v7e-m+fp/softfp/crtn.o
                0x00000000080027e4                . = ALIGN (0x4)
                0x00000000080027e4                _etext = .

.vfp11_veneer   0x00000000080027e4        0x0
 .vfp11_veneer  0x00000000080027e4        0x0 linker stubs

.v4_bx          0x00000000080027e4        0x0
 .v4_bx         0x00000000080027e4        0x0 linker stubs

.iplt           0x00000000080027e4        0x0
 .iplt          0x00000000080027e4        0x0 c:/st/stm32cubeide_1.12.1/stm32cubeide/plugins/com.st.stm32cube.ide.mcu.externaltools.gnu-tools-for-stm32.10.3-2021.10.win32_1.0.200.202301161003/tools/bin/../lib/gcc/arm-none-eabi/10.3.1/thumb/v7e-m+fp/softfp/crtbegin.o

.rodata         0x00000000080027e4       0x50
                0x00000000080027e4                . = ALIGN (0x4)
 *(.rodata)
 .rodata        0x00000000080027e4        0x5 ./Src/FreeRTOS/Source/tasks.o
 *fill*         0x00000000080027e9        0x3 
 .rodata        0x00000000080027ec        0xd ./Src/FreeRTOS/Source/timers.o
 *fill*         0x00000000080027f9        0x3 
 .rodata        0x00000000080027fc       0x36 ./Src/main.o
 *(.rodata*)
                0x0000000008002834                . = ALIGN (0x4)
 *fill*         0x0000000008002832        0x2 

.rel.dyn        0x0000000008002834        0x0
 .rel.iplt      0x0000000008002834        0x0 c:/st/stm32cubeide_1.12.1/stm32cubeide/plugins/com.st.stm32cube.ide.mcu.externaltools.gnu-tools-for-stm32.10.3-2021.10.win32_1.0.200.202301161003/tools/bin/../lib/gcc/arm-none-eabi/10.3.1/thumb/v7e-m+fp/softfp/crtbegin.o

.ARM.extab      0x0000000008002834        0x0
                0x0000000008002834                . = ALIGN (0x4)
 *(.ARM.extab* .gnu.linkonce.armextab.*)
                0x0000000008002834                . = ALIGN (0x4)

.ARM            0x0000000008002834        0x0
                0x0000000008002834                . = ALIGN (0x4)
                0x0000000008002834                __exidx_start = .
 *(.ARM.exidx*)
                0x0000000008002834                __exidx_end = .
                0x0000000008002834                . = ALIGN (0x4)

.preinit_array  0x0000000008002834        0x0
                0x0000000008002834                . = ALIGN (0x4)
                0x0000000008002834                PROVIDE (__preinit_array_start = .)
 *(.preinit_array*)
                0x0000000008002834                PROVIDE (__preinit_array_end = .)
                0x0000000008002834                . = ALIGN (0x4)

.init_array     0x0000000008002834        0x4
                0x0000000008002834                . = ALIGN (0x4)
                0x0000000008002834                PROVIDE (__init_array_start = .)
 *(SORT_BY_NAME(.init_array.*))
 *(.init_array*)
 .init_array    0x0000000008002834        0x4 c:/st/stm32cubeide_1.12.1/stm32cubeide/plugins/com.st.stm32cube.ide.mcu.externaltools.gnu-tools-for-stm32.10.3-2021.10.win32_1.0.200.202301161003/tools/bin/../lib/gcc/arm-none-eabi/10.3.1/thumb/v7e-m+fp/softfp/crtbegin.o
                0x0000000008002838                PROVIDE (__init_array_end = .)
                0x0000000008002838                . = ALIGN (0x4)

.fini_array     0x0000000008002838        0x4
                0x0000000008002838                . = ALIGN (0x4)
                [!provide]                        PROVIDE (__fini_array_start = .)
 *(SORT_BY_NAME(.fini_array.*))
 *(.fini_array*)
 .fini_array    0x0000000008002838        0x4 c:/st/stm32cubeide_1.12.1/stm32cubeide/plugins/com.st.stm32cube.ide.mcu.externaltools.gnu-tools-for-stm32.10.3-2021.10.win32_1.0.200.202301161003/tools/bin/../lib/gcc/arm-none-eabi/10.3.1/thumb/v7e-m+fp/softfp/crtbegin.o
                [!provide]                        PROVIDE (__fini_array_end = .)
                0x000000000800283c                . = ALIGN (0x4)
                0x000000000800283c                _sidata = LOADADDR (.data)

.data           0x0000000020000000        0xc load address 0x000000000800283c
                0x0000000020000000                . = ALIGN (0x4)
                0x0000000020000000                _sdata = .
 *(.data)
 *(.data*)
 .data.xNextTaskUnblockTime
                0x0000000020000000        0x4 ./Src/FreeRTOS/Source/tasks.o
 .data.uxCriticalNesting
                0x0000000020000004        0x4 ./Src/FreeRTOS/Source/portable/GCC/ARM_CM4F/port.o
 .data.SystemCoreClock
                0x0000000020000008        0x4 ./Src/system_stm32f4xx.o
                0x0000000020000008                SystemCoreClock
 *(.RamFunc)
 *(.RamFunc*)
                0x000000002000000c                . = ALIGN (0x4)
                0x000000002000000c                _edata = .
                0x0000000008002848                _siccmram = LOADADDR (.ccmram)

.igot.plt       0x000000002000000c        0x0 load address 0x0000000008002848
 .igot.plt      0x000000002000000c        0x0 c:/st/stm32cubeide_1.12.1/stm32cubeide/plugins/com.st.stm32cube.ide.mcu.externaltools.gnu-tools-for-stm32.10.3-2021.10.win32_1.0.200.202301161003/tools/bin/../lib/gcc/arm-none-eabi/10.3.1/thumb/v7e-m+fp/softfp/crtbegin.o

.ccmram         0x0000000010000000        0x0 load address 0x0000000008002848
                0x0000000010000000                . = ALIGN (0x4)
                0x0000000010000000                _sccmram = .
 *(.ccmram)
 *(.ccmram*)
                0x0000000010000000                . = ALIGN (0x4)
                0x0000000010000000                _eccmram = .
                0x0000000010000000                . = ALIGN (0x4)

.bss            0x000000002000000c    0x12da0
                0x000000002000000c                _sbss = .
                0x000000002000000c                __bss_start__ = _sbss
 *(.bss)
 .bss           0x000000002000000c       0x1c c:/st/stm32cubeide_1.12.1/stm32cubeide/plugins/com.st.stm32cube.ide.mcu.externaltools.gnu-tools-for-stm32.10.3-2021.10.win32_1.0.200.202301161003/tools/bin/../lib/gcc/arm-none-eabi/10.3.1/thumb/v7e-m+fp/softfp/crtbegin.o
 *(.bss*)
 .bss.xQueueRegistry
                0x0000000020000028       0x40 ./Src/FreeRTOS/Source/queue.o
                0x0000000020000028                xQueueRegistry
 .bss.pxCurrentTCB
                0x0000000020000068        0x4 ./Src/FreeRTOS/Source/tasks.o
                0x0000000020000068                pxCurrentTCB
 .bss.pxReadyTasksLists
                0x000000002000006c       0x64 ./Src/FreeRTOS/Source/tasks.o
 .bss.xDelayedTaskList1
                0x00000000200000d0       0x14 ./Src/FreeRTOS/Source/tasks.o
 .bss.xDelayedTaskList2
                0x00000000200000e4       0x14 ./Src/FreeRTOS/Source/tasks.o
 .bss.pxDelayedTaskList
                0x00000000200000f8        0x4 ./Src/FreeRTOS/Source/tasks.o
 .bss.pxOverflowDelayedTaskList
                0x00000000200000fc        0x4 ./Src/FreeRTOS/Source/tasks.o
 .bss.xPendingReadyList
                0x0000000020000100       0x14 ./Src/FreeRTOS/Source/tasks.o
 .bss.xTasksWaitingTermination
                0x0000000020000114       0x14 ./Src/FreeRTOS/Source/tasks.o
 .bss.uxTasksDeleted
                0x0000000020000128        0x4 ./Src/FreeRTOS/Source/tasks.o
 .bss.xSuspendedTaskList
                0x000000002000012c       0x14 ./Src/FreeRTOS/Source/tasks.o
 .bss.uxCurrentNumberOfTasks
                0x0000000020000140        0x4 ./Src/FreeRTOS/Source/tasks.o
 .bss.xTickCount
                0x0000000020000144        0x4 ./Src/FreeRTOS/Source/tasks.o
 .bss.uxTopReadyPriority
                0x0000000020000148        0x4 ./Src/FreeRTOS/Source/tasks.o
 .bss.xSchedulerRunning
                0x000000002000014c        0x4 ./Src/FreeRTOS/Source/tasks.o
 .bss.uxPendedTicks
                0x0000000020000150        0x4 ./Src/FreeRTOS/Source/tasks.o
 .bss.xYieldPending
                0x0000000020000154        0x4 ./Src/FreeRTOS/Source/tasks.o
 .bss.xNumOfOverflows
                0x0000000020000158        0x4 ./Src/FreeRTOS/Source/tasks.o
 .bss.uxTaskNumber
                0x000000002000015c        0x4 ./Src/FreeRTOS/Source/tasks.o
 .bss.uxSchedulerSuspended
                0x0000000020000160        0x4 ./Src/FreeRTOS/Source/tasks.o
 .bss.xActiveTimerList1
                0x0000000020000164       0x14 ./Src/FreeRTOS/Source/timers.o
 .bss.xActiveTimerList2
                0x0000000020000178       0x14 ./Src/FreeRTOS/Source/timers.o
 .bss.pxCurrentTimerList
                0x000000002000018c        0x4 ./Src/FreeRTOS/Source/timers.o
 .bss.pxOverflowTimerList
                0x0000000020000190        0x4 ./Src/FreeRTOS/Source/timers.o
 .bss.xTimerQueue
                0x0000000020000194        0x4 ./Src/FreeRTOS/Source/timers.o
 .bss.xLastTime.0
                0x0000000020000198        0x4 ./Src/FreeRTOS/Source/timers.o
 .bss.ucMaxSysCallPriority
                0x000000002000019c        0x1 ./Src/FreeRTOS/Source/portable/GCC/ARM_CM4F/port.o
 *fill*         0x000000002000019d        0x3 
 .bss.ulMaxPRIGROUPValue
                0x00000000200001a0        0x4 ./Src/FreeRTOS/Source/portable/GCC/ARM_CM4F/port.o
 .bss.ucHeap    0x00000000200001a4    0x12c00 ./Src/FreeRTOS/Source/portable/MemMang/heap_1.o
 .bss.xNextFreeByte
                0x0000000020012da4        0x4 ./Src/FreeRTOS/Source/portable/MemMang/heap_1.o
 .bss.pucAlignedHeap.0
                0x0000000020012da8        0x4 ./Src/FreeRTOS/Source/portable/MemMang/heap_1.o
 *(COMMON)
                0x0000000020012dac                . = ALIGN (0x4)
                0x0000000020012dac                _ebss = .
                0x0000000020012dac                __bss_end__ = _ebss

._user_heap_stack
                0x0000000020012dac      0x604
                0x0000000020012db0                . = ALIGN (0x8)
 *fill*         0x0000000020012dac        0x4 
                [!provide]                        PROVIDE (end = .)
                [!provide]                        PROVIDE (_end = .)
                0x0000000020012fb0                . = (. + _Min_Heap_Size)
 *fill*         0x0000000020012db0      0x200 
                0x00000000200133b0                . = (. + _Min_Stack_Size)
 *fill*         0x0000000020012fb0      0x400 
                0x00000000200133b0                . = ALIGN (0x8)

/DISCARD/
 libc.a(*)
 libm.a(*)
 libgcc.a(*)

.ARM.attributes
                0x0000000000000000       0x2e
 *(.ARM.attributes)
 .ARM.attributes
                0x0000000000000000       0x1e c:/st/stm32cubeide_1.12.1/stm32cubeide/plugins/com.st.stm32cube.ide.mcu.externaltools.gnu-tools-for-stm32.10.3-2021.10.win32_1.0.200.202301161003/tools/bin/../lib/gcc/arm-none-eabi/10.3.1/thumb/v7e-m+fp/softfp/crti.o
 .ARM.attributes
                0x000000000000001e       0x32 c:/st/stm32cubeide_1.12.1/stm32cubeide/plugins/com.st.stm32cube.ide.mcu.externaltools.gnu-tools-for-stm32.10.3-2021.10.win32_1.0.200.202301161003/tools/bin/../lib/gcc/arm-none-eabi/10.3.1/thumb/v7e-m+fp/softfp/crtbegin.o
 .ARM.attributes
                0x0000000000000050       0x32 ./Src/FreeRTOS/Source/list.o
 .ARM.attributes
                0x0000000000000082       0x32 ./Src/FreeRTOS/Source/queue.o
 .ARM.attributes
                0x00000000000000b4       0x32 ./Src/FreeRTOS/Source/tasks.o
 .ARM.attributes
                0x00000000000000e6       0x32 ./Src/FreeRTOS/Source/timers.o
 .ARM.attributes
                0x0000000000000118       0x32 ./Src/FreeRTOS/Source/portable/GCC/ARM_CM4F/port.o
 .ARM.attributes
                0x000000000000014a       0x32 ./Src/FreeRTOS/Source/portable/MemMang/heap_1.o
 .ARM.attributes
                0x000000000000017c       0x32 ./Src/STM32F4xx_StdPeriph_Driver/src/stm32f4xx_gpio.o
 .ARM.attributes
                0x00000000000001ae       0x32 ./Src/STM32F4xx_StdPeriph_Driver/src/stm32f4xx_rcc.o
 .ARM.attributes
                0x00000000000001e0       0x32 ./Src/main.o
 .ARM.attributes
                0x0000000000000212       0x32 ./Src/stm32f4xx_it.o
 .ARM.attributes
                0x0000000000000244       0x32 ./Src/system_stm32f4xx.o
 .ARM.attributes
                0x0000000000000276       0x21 ./Startup/startup_stm32f4xx.o
 .ARM.attributes
                0x0000000000000297       0x32 c:/st/stm32cubeide_1.12.1/stm32cubeide/plugins/com.st.stm32cube.ide.mcu.externaltools.gnu-tools-for-stm32.10.3-2021.10.win32_1.0.200.202301161003/tools/bin/../lib/gcc/arm-none-eabi/10.3.1/../../../../arm-none-eabi/lib/thumb/v7e-m+fp/softfp\libc_nano.a(lib_a-memcpy-stub.o)
 .ARM.attributes
                0x00000000000002c9       0x32 c:/st/stm32cubeide_1.12.1/stm32cubeide/plugins/com.st.stm32cube.ide.mcu.externaltools.gnu-tools-for-stm32.10.3-2021.10.win32_1.0.200.202301161003/tools/bin/../lib/gcc/arm-none-eabi/10.3.1/../../../../arm-none-eabi/lib/thumb/v7e-m+fp/softfp\libc_nano.a(lib_a-memset.o)
 .ARM.attributes
                0x00000000000002fb       0x1e c:/st/stm32cubeide_1.12.1/stm32cubeide/plugins/com.st.stm32cube.ide.mcu.externaltools.gnu-tools-for-stm32.10.3-2021.10.win32_1.0.200.202301161003/tools/bin/../lib/gcc/arm-none-eabi/10.3.1/thumb/v7e-m+fp/softfp/crtn.o
OUTPUT(freeRTOS.elf elf32-littlearm)
LOAD linker stubs
LOAD c:/st/stm32cubeide_1.12.1/stm32cubeide/plugins/com.st.stm32cube.ide.mcu.externaltools.gnu-tools-for-stm32.10.3-2021.10.win32_1.0.200.202301161003/tools/bin/../lib/gcc/arm-none-eabi/10.3.1/../../../../arm-none-eabi/lib/thumb/v7e-m+fp/softfp\libc.a
LOAD c:/st/stm32cubeide_1.12.1/stm32cubeide/plugins/com.st.stm32cube.ide.mcu.externaltools.gnu-tools-for-stm32.10.3-2021.10.win32_1.0.200.202301161003/tools/bin/../lib/gcc/arm-none-eabi/10.3.1/../../../../arm-none-eabi/lib/thumb/v7e-m+fp/softfp\libm.a
LOAD c:/st/stm32cubeide_1.12.1/stm32cubeide/plugins/com.st.stm32cube.ide.mcu.externaltools.gnu-tools-for-stm32.10.3-2021.10.win32_1.0.200.202301161003/tools/bin/../lib/gcc/arm-none-eabi/10.3.1/thumb/v7e-m+fp/softfp\libgcc.a

.debug_info     0x0000000000000000     0x55bb
 .debug_info    0x0000000000000000      0x2c6 ./Src/FreeRTOS/Source/list.o
 .debug_info    0x00000000000002c6      0xe4b ./Src/FreeRTOS/Source/queue.o
 .debug_info    0x0000000000001111     0x1434 ./Src/FreeRTOS/Source/tasks.o
 .debug_info    0x0000000000002545      0xb02 ./Src/FreeRTOS/Source/timers.o
 .debug_info    0x0000000000003047      0x36e ./Src/FreeRTOS/Source/portable/GCC/ARM_CM4F/port.o
 .debug_info    0x00000000000033b5      0x1bb ./Src/FreeRTOS/Source/portable/MemMang/heap_1.o
 .debug_info    0x0000000000003570      0x672 ./Src/STM32F4xx_StdPeriph_Driver/src/stm32f4xx_gpio.o
 .debug_info    0x0000000000003be2      0xcf4 ./Src/STM32F4xx_StdPeriph_Driver/src/stm32f4xx_rcc.o
 .debug_info    0x00000000000048d6      0x5ee ./Src/main.o
 .debug_info    0x0000000000004ec4       0xdc ./Src/stm32f4xx_it.o
 .debug_info    0x0000000000004fa0      0x5f9 ./Src/system_stm32f4xx.o
 .debug_info    0x0000000000005599       0x22 ./Startup/startup_stm32f4xx.o

.debug_abbrev   0x0000000000000000     0x1330
 .debug_abbrev  0x0000000000000000       0xeb ./Src/FreeRTOS/Source/list.o
 .debug_abbrev  0x00000000000000eb      0x28e ./Src/FreeRTOS/Source/queue.o
 .debug_abbrev  0x0000000000000379      0x30e ./Src/FreeRTOS/Source/tasks.o
 .debug_abbrev  0x0000000000000687      0x22a ./Src/FreeRTOS/Source/timers.o
 .debug_abbrev  0x00000000000008b1      0x1d1 ./Src/FreeRTOS/Source/portable/GCC/ARM_CM4F/port.o
 .debug_abbrev  0x0000000000000a82      0x13c ./Src/FreeRTOS/Source/portable/MemMang/heap_1.o
 .debug_abbrev  0x0000000000000bbe      0x1df ./Src/STM32F4xx_StdPeriph_Driver/src/stm32f4xx_gpio.o
 .debug_abbrev  0x0000000000000d9d      0x203 ./Src/STM32F4xx_StdPeriph_Driver/src/stm32f4xx_rcc.o
 .debug_abbrev  0x0000000000000fa0      0x1cf ./Src/main.o
 .debug_abbrev  0x000000000000116f       0x47 ./Src/stm32f4xx_it.o
 .debug_abbrev  0x00000000000011b6      0x168 ./Src/system_stm32f4xx.o
 .debug_abbrev  0x000000000000131e       0x12 ./Startup/startup_stm32f4xx.o

.debug_aranges  0x0000000000000000      0x730
 .debug_aranges
                0x0000000000000000       0x40 ./Src/FreeRTOS/Source/list.o
 .debug_aranges
                0x0000000000000040       0xf8 ./Src/FreeRTOS/Source/queue.o
 .debug_aranges
                0x0000000000000138      0x190 ./Src/FreeRTOS/Source/tasks.o
 .debug_aranges
                0x00000000000002c8       0x90 ./Src/FreeRTOS/Source/timers.o
 .debug_aranges
                0x0000000000000358       0x98 ./Src/FreeRTOS/Source/portable/GCC/ARM_CM4F/port.o
 .debug_aranges
                0x00000000000003f0       0x38 ./Src/FreeRTOS/Source/portable/MemMang/heap_1.o
 .debug_aranges
                0x0000000000000428       0x88 ./Src/STM32F4xx_StdPeriph_Driver/src/stm32f4xx_gpio.o
 .debug_aranges
                0x00000000000004b0      0x178 ./Src/STM32F4xx_StdPeriph_Driver/src/stm32f4xx_rcc.o
 .debug_aranges
                0x0000000000000628       0x68 ./Src/main.o
 .debug_aranges
                0x0000000000000690       0x48 ./Src/stm32f4xx_it.o
 .debug_aranges
                0x00000000000006d8       0x30 ./Src/system_stm32f4xx.o
 .debug_aranges
                0x0000000000000708       0x28 ./Startup/startup_stm32f4xx.o

.debug_ranges   0x0000000000000000      0x678
 .debug_ranges  0x0000000000000000       0x30 ./Src/FreeRTOS/Source/list.o
 .debug_ranges  0x0000000000000030       0xe8 ./Src/FreeRTOS/Source/queue.o
 .debug_ranges  0x0000000000000118      0x180 ./Src/FreeRTOS/Source/tasks.o
 .debug_ranges  0x0000000000000298       0x80 ./Src/FreeRTOS/Source/timers.o
 .debug_ranges  0x0000000000000318       0x88 ./Src/FreeRTOS/Source/portable/GCC/ARM_CM4F/port.o
 .debug_ranges  0x00000000000003a0       0x28 ./Src/FreeRTOS/Source/portable/MemMang/heap_1.o
 .debug_ranges  0x00000000000003c8       0x78 ./Src/STM32F4xx_StdPeriph_Driver/src/stm32f4xx_gpio.o
 .debug_ranges  0x0000000000000440      0x168 ./Src/STM32F4xx_StdPeriph_Driver/src/stm32f4xx_rcc.o
 .debug_ranges  0x00000000000005a8       0x58 ./Src/main.o
 .debug_ranges  0x0000000000000600       0x38 ./Src/stm32f4xx_it.o
 .debug_ranges  0x0000000000000638       0x20 ./Src/system_stm32f4xx.o
 .debug_ranges  0x0000000000000658       0x20 ./Startup/startup_stm32f4xx.o

.debug_macro    0x0000000000000000     0x516a
 .debug_macro   0x0000000000000000      0x185 ./Src/FreeRTOS/Source/list.o
 .debug_macro   0x0000000000000185      0x210 ./Src/FreeRTOS/Source/queue.o
 .debug_macro   0x0000000000000395       0x16 ./Src/FreeRTOS/Source/queue.o
 .debug_macro   0x00000000000003ab       0x35 ./Src/FreeRTOS/Source/queue.o
 .debug_macro   0x00000000000003e0       0x20 ./Src/FreeRTOS/Source/queue.o
 .debug_macro   0x0000000000000400       0xb0 ./Src/FreeRTOS/Source/queue.o
 .debug_macro   0x00000000000004b0      0x253 ./Src/FreeRTOS/Source/tasks.o
 .debug_macro   0x0000000000000703       0x16 ./Src/FreeRTOS/Source/tasks.o
 .debug_macro   0x0000000000000719      0x1c2 ./Src/FreeRTOS/Source/timers.o
 .debug_macro   0x00000000000008db      0x17e ./Src/FreeRTOS/Source/portable/GCC/ARM_CM4F/port.o
 .debug_macro   0x0000000000000a59      0x1a6 ./Src/FreeRTOS/Source/portable/MemMang/heap_1.o
 .debug_macro   0x0000000000000bff      0x1ab ./Src/STM32F4xx_StdPeriph_Driver/src/stm32f4xx_gpio.o
 .debug_macro   0x0000000000000daa      0x25f ./Src/STM32F4xx_StdPeriph_Driver/src/stm32f4xx_gpio.o
 .debug_macro   0x0000000000001009       0x16 ./Src/STM32F4xx_StdPeriph_Driver/src/stm32f4xx_gpio.o
 .debug_macro   0x000000000000101f      0x454 ./Src/STM32F4xx_StdPeriph_Driver/src/stm32f4xx_gpio.o
 .debug_macro   0x0000000000001473      0x3cf ./Src/STM32F4xx_StdPeriph_Driver/src/stm32f4xx_gpio.o
 .debug_macro   0x0000000000001842      0x111 ./Src/STM32F4xx_StdPeriph_Driver/src/stm32f4xx_gpio.o
 .debug_macro   0x0000000000001953      0x182 ./Src/STM32F4xx_StdPeriph_Driver/src/stm32f4xx_gpio.o
 .debug_macro   0x0000000000001ad5       0xb2 ./Src/STM32F4xx_StdPeriph_Driver/src/stm32f4xx_gpio.o
 .debug_macro   0x0000000000001b87      0x146 ./Src/STM32F4xx_StdPeriph_Driver/src/stm32f4xx_gpio.o
 .debug_macro   0x0000000000001ccd      0x477 ./Src/STM32F4xx_StdPeriph_Driver/src/stm32f4xx_gpio.o
 .debug_macro   0x0000000000002144       0xac ./Src/STM32F4xx_StdPeriph_Driver/src/stm32f4xx_gpio.o
 .debug_macro   0x00000000000021f0      0x241 ./Src/STM32F4xx_StdPeriph_Driver/src/stm32f4xx_gpio.o
 .debug_macro   0x0000000000002431      0x279 ./Src/STM32F4xx_StdPeriph_Driver/src/stm32f4xx_gpio.o
 .debug_macro   0x00000000000026aa       0xb5 ./Src/STM32F4xx_StdPeriph_Driver/src/stm32f4xx_gpio.o
 .debug_macro   0x000000000000275f      0x2b1 ./Src/STM32F4xx_StdPeriph_Driver/src/stm32f4xx_gpio.o
 .debug_macro   0x0000000000002a10       0x64 ./Src/STM32F4xx_StdPeriph_Driver/src/stm32f4xx_gpio.o
 .debug_macro   0x0000000000002a74       0xa6 ./Src/STM32F4xx_StdPeriph_Driver/src/stm32f4xx_gpio.o
 .debug_macro   0x0000000000002b1a       0x40 ./Src/STM32F4xx_StdPeriph_Driver/src/stm32f4xx_gpio.o
 .debug_macro   0x0000000000002b5a      0x57a ./Src/STM32F4xx_StdPeriph_Driver/src/stm32f4xx_gpio.o
 .debug_macro   0x00000000000030d4      0x341 ./Src/STM32F4xx_StdPeriph_Driver/src/stm32f4xx_gpio.o
 .debug_macro   0x0000000000003415      0x36a ./Src/STM32F4xx_StdPeriph_Driver/src/stm32f4xx_gpio.o
 .debug_macro   0x000000000000377f       0xdf ./Src/STM32F4xx_StdPeriph_Driver/src/stm32f4xx_gpio.o
 .debug_macro   0x000000000000385e      0x73b ./Src/STM32F4xx_StdPeriph_Driver/src/stm32f4xx_gpio.o
 .debug_macro   0x0000000000003f99      0x220 ./Src/STM32F4xx_StdPeriph_Driver/src/stm32f4xx_gpio.o
 .debug_macro   0x00000000000041b9       0x34 ./Src/STM32F4xx_StdPeriph_Driver/src/stm32f4xx_gpio.o
 .debug_macro   0x00000000000041ed       0x7f ./Src/STM32F4xx_StdPeriph_Driver/src/stm32f4xx_gpio.o
 .debug_macro   0x000000000000426c      0x253 ./Src/STM32F4xx_StdPeriph_Driver/src/stm32f4xx_rcc.o
 .debug_macro   0x00000000000044bf      0x532 ./Src/STM32F4xx_StdPeriph_Driver/src/stm32f4xx_rcc.o
 .debug_macro   0x00000000000049f1      0x265 ./Src/STM32F4xx_StdPeriph_Driver/src/stm32f4xx_rcc.o
 .debug_macro   0x0000000000004c56      0x182 ./Src/main.o
 .debug_macro   0x0000000000004dd8       0x82 ./Src/main.o
 .debug_macro   0x0000000000004e5a      0x10f ./Src/main.o
 .debug_macro   0x0000000000004f69       0x7e ./Src/main.o
 .debug_macro   0x0000000000004fe7       0xb5 ./Src/stm32f4xx_it.o
 .debug_macro   0x000000000000509c       0xce ./Src/system_stm32f4xx.o

.debug_line     0x0000000000000000     0x6f3a
 .debug_line    0x0000000000000000      0x710 ./Src/FreeRTOS/Source/list.o
 .debug_line    0x0000000000000710      0xfec ./Src/FreeRTOS/Source/queue.o
 .debug_line    0x00000000000016fc     0x1541 ./Src/FreeRTOS/Source/tasks.o
 .debug_line    0x0000000000002c3d      0x9c7 ./Src/FreeRTOS/Source/timers.o
 .debug_line    0x0000000000003604      0x74f ./Src/FreeRTOS/Source/portable/GCC/ARM_CM4F/port.o
 .debug_line    0x0000000000003d53      0x6c7 ./Src/FreeRTOS/Source/portable/MemMang/heap_1.o
 .debug_line    0x000000000000441a      0x9e2 ./Src/STM32F4xx_StdPeriph_Driver/src/stm32f4xx_gpio.o
 .debug_line    0x0000000000004dfc      0xe50 ./Src/STM32F4xx_StdPeriph_Driver/src/stm32f4xx_rcc.o
 .debug_line    0x0000000000005c4c      0x7a9 ./Src/main.o
 .debug_line    0x00000000000063f5      0x508 ./Src/stm32f4xx_it.o
 .debug_line    0x00000000000068fd      0x5c3 ./Src/system_stm32f4xx.o
 .debug_line    0x0000000000006ec0       0x7a ./Startup/startup_stm32f4xx.o

.debug_str      0x0000000000000000    0x60f05
 .debug_str     0x0000000000000000     0x9211 ./Src/FreeRTOS/Source/list.o
                                       0x942a (size before relaxing)
 .debug_str     0x0000000000009211     0x1760 ./Src/FreeRTOS/Source/queue.o
                                       0xab7a (size before relaxing)
 .debug_str     0x000000000000a971     0x1579 ./Src/FreeRTOS/Source/tasks.o
                                       0xb090 (size before relaxing)
 .debug_str     0x000000000000beea      0x392 ./Src/FreeRTOS/Source/timers.o
                                       0xafa0 (size before relaxing)
 .debug_str     0x000000000000c27c      0x6ca ./Src/FreeRTOS/Source/portable/GCC/ARM_CM4F/port.o
                                       0x6ff6 (size before relaxing)
 .debug_str     0x000000000000c946       0xdd ./Src/FreeRTOS/Source/portable/MemMang/heap_1.o
                                       0x980d (size before relaxing)
 .debug_str     0x000000000000ca23    0x52cec ./Src/STM32F4xx_StdPeriph_Driver/src/stm32f4xx_gpio.o
                                      0x56940 (size before relaxing)
 .debug_str     0x000000000005f70f      0xb35 ./Src/STM32F4xx_StdPeriph_Driver/src/stm32f4xx_rcc.o
                                      0x5719a (size before relaxing)
 .debug_str     0x0000000000060244      0xaf4 ./Src/main.o
                                      0x3e68b (size before relaxing)
 .debug_str     0x0000000000060d38       0x8d ./Src/stm32f4xx_it.o
                                      0x34838 (size before relaxing)
 .debug_str     0x0000000000060dc5      0x113 ./Src/system_stm32f4xx.o
                                      0x34a38 (size before relaxing)
 .debug_str     0x0000000000060ed8       0x2d ./Startup/startup_stm32f4xx.o
                                         0x58 (size before relaxing)

.comment        0x0000000000000000       0x50
 .comment       0x0000000000000000       0x50 ./Src/FreeRTOS/Source/list.o
                                         0x51 (size before relaxing)
 .comment       0x0000000000000050       0x51 ./Src/FreeRTOS/Source/queue.o
 .comment       0x0000000000000050       0x51 ./Src/FreeRTOS/Source/tasks.o
 .comment       0x0000000000000050       0x51 ./Src/FreeRTOS/Source/timers.o
 .comment       0x0000000000000050       0x51 ./Src/FreeRTOS/Source/portable/GCC/ARM_CM4F/port.o
 .comment       0x0000000000000050       0x51 ./Src/FreeRTOS/Source/portable/MemMang/heap_1.o
 .comment       0x0000000000000050       0x51 ./Src/STM32F4xx_StdPeriph_Driver/src/stm32f4xx_gpio.o
 .comment       0x0000000000000050       0x51 ./Src/STM32F4xx_StdPeriph_Driver/src/stm32f4xx_rcc.o
 .comment       0x0000000000000050       0x51 ./Src/main.o
 .comment       0x0000000000000050       0x51 ./Src/stm32f4xx_it.o
 .comment       0x0000000000000050       0x51 ./Src/system_stm32f4xx.o

.debug_frame    0x0000000000000000     0x1bf4
 .debug_frame   0x0000000000000000       0xd8 ./Src/FreeRTOS/Source/list.o
 .debug_frame   0x00000000000000d8      0x41c ./Src/FreeRTOS/Source/queue.o
 .debug_frame   0x00000000000004f4      0x6ac ./Src/FreeRTOS/Source/tasks.o
 .debug_frame   0x0000000000000ba0      0x234 ./Src/FreeRTOS/Source/timers.o
 .debug_frame   0x0000000000000dd4      0x1ac ./Src/FreeRTOS/Source/portable/GCC/ARM_CM4F/port.o
 .debug_frame   0x0000000000000f80       0x98 ./Src/FreeRTOS/Source/portable/MemMang/heap_1.o
 .debug_frame   0x0000000000001018      0x23c ./Src/STM32F4xx_StdPeriph_Driver/src/stm32f4xx_gpio.o
 .debug_frame   0x0000000000001254      0x6d4 ./Src/STM32F4xx_StdPeriph_Driver/src/stm32f4xx_rcc.o
 .debug_frame   0x0000000000001928      0x158 ./Src/main.o
 .debug_frame   0x0000000000001a80       0xb0 ./Src/stm32f4xx_it.o
 .debug_frame   0x0000000000001b30       0x7c ./Src/system_stm32f4xx.o
 .debug_frame   0x0000000000001bac       0x28 c:/st/stm32cubeide_1.12.1/stm32cubeide/plugins/com.st.stm32cube.ide.mcu.externaltools.gnu-tools-for-stm32.10.3-2021.10.win32_1.0.200.202301161003/tools/bin/../lib/gcc/arm-none-eabi/10.3.1/../../../../arm-none-eabi/lib/thumb/v7e-m+fp/softfp\libc_nano.a(lib_a-memcpy-stub.o)
 .debug_frame   0x0000000000001bd4       0x20 c:/st/stm32cubeide_1.12.1/stm32cubeide/plugins/com.st.stm32cube.ide.mcu.externaltools.gnu-tools-for-stm32.10.3-2021.10.win32_1.0.200.202301161003/tools/bin/../lib/gcc/arm-none-eabi/10.3.1/../../../../arm-none-eabi/lib/thumb/v7e-m+fp/softfp\libc_nano.a(lib_a-memset.o)
