../Src/FreeRTOS/Source/queue.c:255:12:xQueueGenericReset	24	static
../Src/FreeRTOS/Source/queue.c:308:15:xQueueGenericCreate	40	static
../Src/FreeRTOS/Source/queue.c:376:16:xQueueCreateMutex	24	static
../Src/FreeRTOS/Source/queue.c:474:13:xQueueGiveMutexRecursive	32	static
../Src/FreeRTOS/Source/queue.c:529:13:xQueueTakeMutexRecursive	32	static
../Src/FreeRTOS/Source/queue.c:571:16:xQueueCreateCountingSemaphore	24	static
../Src/FreeRTOS/Source/queue.c:598:12:xQueueGenericSend	48	static
../Src/FreeRTOS/Source/queue.c:1043:12:xQueueGenericSendFromISR	40	static
../Src/FreeRTOS/Source/queue.c:1200:12:xQueueGenericReceive	48	static
../Src/FreeRTOS/Source/queue.c:1389:12:xQueueReceiveFromISR	40	static
../Src/FreeRTOS/Source/queue.c:1476:12:xQueuePeekFromISR	32	static
../Src/FreeRTOS/Source/queue.c:1529:13:uxQueueMessagesWaiting	24	static
../Src/FreeRTOS/Source/queue.c:1545:13:uxQueueSpacesAvailable	24	static
../Src/FreeRTOS/Source/queue.c:1563:13:uxQueueMessagesWaitingFromISR	24	static
../Src/FreeRTOS/Source/queue.c:1575:6:vQueueDelete	24	static
../Src/FreeRTOS/Source/queue.c:1597:14:uxQueueGetQueueNumber	16	static
../Src/FreeRTOS/Source/queue.c:1607:7:vQueueSetQueueNumber	16	static
../Src/FreeRTOS/Source/queue.c:1617:10:ucQueueGetQueueType	16	static
../Src/FreeRTOS/Source/queue.c:1625:19:prvCopyDataToQueue	32	static
../Src/FreeRTOS/Source/queue.c:1700:13:prvCopyDataFromQueue	16	static
../Src/FreeRTOS/Source/queue.c:1723:13:prvUnlockQueue	16	static
../Src/FreeRTOS/Source/queue.c:1838:19:prvIsQueueEmpty	24	static
../Src/FreeRTOS/Source/queue.c:1859:12:xQueueIsQueueEmptyFromISR	24	static
../Src/FreeRTOS/Source/queue.c:1877:19:prvIsQueueFull	24	static
../Src/FreeRTOS/Source/queue.c:1898:12:xQueueIsQueueFullFromISR	24	static
../Src/FreeRTOS/Source/queue.c:2193:7:vQueueAddToRegistry	24	static
../Src/FreeRTOS/Source/queue.c:2222:7:vQueueUnregisterQueue	24	static
../Src/FreeRTOS/Source/queue.c:2249:7:vQueueWaitForMessageRestricted	24	static
