../Src/FreeRTOS/Source/tasks.c:516:12:xTaskGenericCreate	48	static
../Src/FreeRTOS/Source/tasks.c:696:7:vTaskDelete	24	static
../Src/FreeRTOS/Source/tasks.c:778:7:vTaskDelayUntil	32	static
../Src/FreeRTOS/Source/tasks.c:874:7:vTaskDelay	24	static
../Src/FreeRTOS/Source/tasks.c:1010:14:uxTaskPriorityGet	24	static
../Src/FreeRTOS/Source/tasks.c:1032:7:vTaskPrioritySet	32	static
../Src/FreeRTOS/Source/tasks.c:1196:7:vTaskSuspend	24	static
../Src/FreeRTOS/Source/tasks.c:1285:20:prvTaskIsTaskSuspended	24	static
../Src/FreeRTOS/Source/tasks.c:1331:7:vTaskResume	24	static
../Src/FreeRTOS/Source/tasks.c:1385:13:xTaskResumeFromISR	32	static
../Src/FreeRTOS/Source/tasks.c:1455:6:vTaskStartScheduler	32	static
../Src/FreeRTOS/Source/tasks.c:1533:6:vTaskEndScheduler	8	static
../Src/FreeRTOS/Source/tasks.c:1544:6:vTaskSuspendAll	4	static
../Src/FreeRTOS/Source/tasks.c:1582:12:xTaskResumeAll	16	static
../Src/FreeRTOS/Source/tasks.c:1675:12:xTaskGetTickCount	16	static
../Src/FreeRTOS/Source/tasks.c:1690:12:xTaskGetTickCountFromISR	16	static
../Src/FreeRTOS/Source/tasks.c:1721:13:uxTaskGetNumberOfTasks	4	static
../Src/FreeRTOS/Source/tasks.c:1746:14:uxTaskGetSystemState	32	static
../Src/FreeRTOS/Source/tasks.c:1850:12:xTaskIncrementTick	32	static
../Src/FreeRTOS/Source/tasks.c:2114:6:vTaskSwitchContext	16	static
../Src/FreeRTOS/Source/tasks.c:2174:6:vTaskPlaceOnEventList	24	static
../Src/FreeRTOS/Source/tasks.c:2233:6:vTaskPlaceOnUnorderedEventList	32	static
../Src/FreeRTOS/Source/tasks.c:2301:7:vTaskPlaceOnEventListRestricted	24	static
../Src/FreeRTOS/Source/tasks.c:2344:12:xTaskRemoveFromEventList	24	static
../Src/FreeRTOS/Source/tasks.c:2398:12:xTaskRemoveFromUnorderedEventList	24	static
../Src/FreeRTOS/Source/tasks.c:2443:6:vTaskSetTimeOutState	16	static
../Src/FreeRTOS/Source/tasks.c:2451:12:xTaskCheckForTimeOut	24	static
../Src/FreeRTOS/Source/tasks.c:2500:6:vTaskMissedYield	4	static
../Src/FreeRTOS/Source/tasks.c:2508:14:uxTaskGetTaskNumber	24	static
../Src/FreeRTOS/Source/tasks.c:2531:7:vTaskSetTaskNumber	24	static
../Src/FreeRTOS/Source/tasks.c:2555:8:prvIdleTask	16	static
../Src/FreeRTOS/Source/tasks.c:2702:13:prvInitialiseTCBVariables	32	static
../Src/FreeRTOS/Source/tasks.c:2811:13:prvInitialiseTaskLists	16	static
../Src/FreeRTOS/Source/tasks.c:2843:13:prvCheckTasksWaitingTermination	16	static
../Src/FreeRTOS/Source/tasks.c:2884:13:prvAddCurrentTaskToDelayedList	16	static
../Src/FreeRTOS/Source/tasks.c:2914:15:prvAllocateTCBAndStack	24	static
../Src/FreeRTOS/Source/tasks.c:2953:21:prvListTaskWithinSingleList	56	static
../Src/FreeRTOS/Source/tasks.c:3038:18:prvTaskCheckFreeStackSpace	24	static
../Src/FreeRTOS/Source/tasks.c:3086:14:prvDeleteTCB	16	static
../Src/FreeRTOS/Source/tasks.c:3107:13:prvResetNextTaskUnblockTime	16	static
../Src/FreeRTOS/Source/tasks.c:3134:15:xTaskGetCurrentTaskHandle	16	static
../Src/FreeRTOS/Source/tasks.c:3151:13:xTaskGetSchedulerState	16	static
../Src/FreeRTOS/Source/tasks.c:3179:7:vTaskPriorityInherit	24	static
../Src/FreeRTOS/Source/tasks.c:3242:13:xTaskPriorityDisinherit	24	static
../Src/FreeRTOS/Source/tasks.c:3573:12:uxTaskResetEventItemValue	16	static
../Src/FreeRTOS/Source/tasks.c:3587:6:vTaskIncrementMutexHeldCount	4	static
../Src/FreeRTOS/Source/tasks.c:3598:6:vTaskDecrementMutexHeldCount	8	static
