../Src/FreeRTOS/Source/portable/GCC/ARM_CM4F/port.c:215:14:pxPortInitialiseStack	24	static
../Src/FreeRTOS/Source/portable/GCC/ARM_CM4F/port.c:245:13:prvTaskExitError	8	static
../Src/FreeRTOS/Source/portable/GCC/ARM_CM4F/port.c:259:6:SVC_Handler	0	static,ignoring_inline_asm
../Src/FreeRTOS/Source/portable/GCC/ARM_CM4F/port.c:278:13:prvPortStartFirstTask	0	static,ignoring_inline_asm
../Src/FreeRTOS/Source/portable/GCC/ARM_CM4F/port.c:298:12:xPortStartScheduler	24	static
../Src/FreeRTOS/Source/portable/GCC/ARM_CM4F/port.c:379:6:vPortEndScheduler	8	static
../Src/FreeRTOS/Source/portable/GCC/ARM_CM4F/port.c:387:6:vPortYield	4	static,ignoring_inline_asm
../Src/FreeRTOS/Source/portable/GCC/ARM_CM4F/port.c:399:6:vPortEnterCritical	8	static,ignoring_inline_asm
../Src/FreeRTOS/Source/portable/GCC/ARM_CM4F/port.c:418:6:vPortExitCritical	8	static
../Src/FreeRTOS/Source/portable/GCC/ARM_CM4F/port.c:429:35:ulPortSetInterruptMask	0	static,ignoring_inline_asm
../Src/FreeRTOS/Source/portable/GCC/ARM_CM4F/port.c:446:31:vPortClearInterruptMask	0	static,ignoring_inline_asm
../Src/FreeRTOS/Source/portable/GCC/ARM_CM4F/port.c:460:6:PendSV_Handler	0	static,ignoring_inline_asm
../Src/FreeRTOS/Source/portable/GCC/ARM_CM4F/port.c:516:6:SysTick_Handler	8	static
../Src/FreeRTOS/Source/portable/GCC/ARM_CM4F/port.c:692:30:vPortSetupTimerInterrupt	4	static
../Src/FreeRTOS/Source/portable/GCC/ARM_CM4F/port.c:710:13:vPortEnableVFP	0	static,ignoring_inline_asm
../Src/FreeRTOS/Source/portable/GCC/ARM_CM4F/port.c:726:7:vPortValidateInterruptPriority	16	static,ignoring_inline_asm
